SKIPPED   : data\yolo_filtered_serapi\4b\4b_00034.jpg : No hair detected
SKIPPED   : data\yolo_filtered_serapi\4b\4b_00090.jpg : No hair detected
SKIPPED   : data\yolo_filtered_serapi\4b\4b_00139.jpg : No hair detected
SKIPPED   : data\yolo_filtered_serapi\4b\4b_00146.jpg : No hair detected
SKIPPED   : data\yolo_filtered_serapi\4b\4b_00147.jpg : No hair detected
SKIPPED   : data\yolo_filtered_serapi\4b\4b_00189.jpg : No hair detected
SKIPPED   : data\yolo_filtered_serapi\4b\4b_00203.jpg : No hair detected
SKIPPED   : data\yolo_filtered_serapi\4b\4b_00213.jpg : No hair detected
SKIPPED   : data\yolo_filtered_serapi\4b\4b_00240.jpg : No hair detected
SKIPPED   : data\yolo_filtered_serapi\4b\4b_00272.jpg : No hair detected
SKIPPED   : data\yolo_filtered_serapi\4b\4b_00280.jpg : No hair detected
SKIPPED   : data\yolo_filtered_serapi\4b\4b_00291.jpg : No hair detected
SKIPPED   : data\yolo_filtered_serapi\4b\4b_00297.jpg : No hair detected
SKIPPED   : data\yolo_filtered_serapi\4b\4b_00325.jpg : No hair detected
SKIPPED   : data\yolo_filtered_serapi\4b\4b_00383.jpg : No hair detected
SKIPPED   : data\yolo_filtered_serapi\4b\4b_00395.jpg : No hair detected
SKIPPED   : data\yolo_filtered_serapi\4b\4b_00466.jpg : No hair detected
SKIPPED   : data\yolo_filtered_serapi\4b\4b_00499.jpg : No hair detected
SKIPPED   : data\yolo_filtered_serapi\4b\4b_00506.jpg : No hair detected
SKIPPED   : data\yolo_filtered_serapi\4b\4b_00535.jpg : No hair detected
SKIPPED   : data\yolo_filtered_serapi\4b\4b_00540.jpg : No hair detected
SKIPPED   : data\yolo_filtered_serapi\4b\4b_00570.jpg : OpenCV failed to read the image, file might be corrupted
ERROR     : data\yolo_filtered_serapi\4b\4b_00570.jpg
OpenCV(4.11.0) D:\a\opencv-python\opencv-python\opencv\modules\imgproc\src\color.cpp:199: error: (-215:Assertion failed) !_src.empty() in function 'cv::cvtColor'
Traceback (most recent call last):
  File "C:\Users\yashw\Documents\GU\S3_6600\Project\dsan6600_group04_project\code\image_processing\hair_segmenter.py", line 154, in segment_images
    image_rgb = cv2.cvtColor(image_bgr, cv2.COLOR_BGR2RGB) # convert BGR to RGB
                ^^^^^^^^^^^^^^^^^^^^^^^^^^^^^^^^^^^^^^^^^^
cv2.error: OpenCV(4.11.0) D:\a\opencv-python\opencv-python\opencv\modules\imgproc\src\color.cpp:199: error: (-215:Assertion failed) !_src.empty() in function 'cv::cvtColor'

SKIPPED   : data\yolo_filtered_serapi\4b\4b_00575.jpg : No hair detected
SKIPPED   : data\yolo_filtered_serapi\4b\4b_00740.jpg : No hair detected
SKIPPED   : data\yolo_filtered_serapi\4b\4b_00918.jpg : No hair detected
SKIPPED   : data\yolo_filtered_serapi\4b\4b_00922.jpg : No hair detected
SKIPPED   : data\yolo_filtered_serapi\4b\4b_00927.jpg : OpenCV failed to read the image, file might be corrupted
ERROR     : data\yolo_filtered_serapi\4b\4b_00927.jpg
OpenCV(4.11.0) D:\a\opencv-python\opencv-python\opencv\modules\imgproc\src\color.cpp:199: error: (-215:Assertion failed) !_src.empty() in function 'cv::cvtColor'
Traceback (most recent call last):
  File "C:\Users\yashw\Documents\GU\S3_6600\Project\dsan6600_group04_project\code\image_processing\hair_segmenter.py", line 154, in segment_images
    image_rgb = cv2.cvtColor(image_bgr, cv2.COLOR_BGR2RGB) # convert BGR to RGB
                ^^^^^^^^^^^^^^^^^^^^^^^^^^^^^^^^^^^^^^^^^^
cv2.error: OpenCV(4.11.0) D:\a\opencv-python\opencv-python\opencv\modules\imgproc\src\color.cpp:199: error: (-215:Assertion failed) !_src.empty() in function 'cv::cvtColor'

SKIPPED   : data\yolo_filtered_serapi\4b\4b_00941.jpg : No hair detected
SKIPPED   : data\yolo_filtered_serapi\4b\4b_00943.jpg : No hair detected
SKIPPED   : data\yolo_filtered_serapi\4b\4b_00946.jpg : No hair detected
SKIPPED   : data\yolo_filtered_serapi\4b\4b_00959.jpg : No hair detected
SKIPPED   : data\yolo_filtered_serapi\4b\4b_00962.jpg : No hair detected
SKIPPED   : data\yolo_filtered_serapi\4b\4b_00973.jpg : No hair detected
SKIPPED   : data\yolo_filtered_serapi\4b\4b_00978.jpg : No hair detected
SKIPPED   : data\yolo_filtered_serapi\4b\4b_00983.jpg : No hair detected
SKIPPED   : data\yolo_filtered_serapi\4b\4b_00984.jpg : No hair detected
SKIPPED   : data\yolo_filtered_serapi\4b\4b_00988.jpg : No hair detected
SKIPPED   : data\yolo_filtered_serapi\4b\4b_00991.jpg : No hair detected
SKIPPED   : data\yolo_filtered_serapi\4b\4b_01014.jpg : No hair detected
SKIPPED   : data\yolo_filtered_serapi\4b\4b_01021.jpg : No hair detected
SKIPPED   : data\yolo_filtered_serapi\4b\4b_01033.jpg : No hair detected
SKIPPED   : data\yolo_filtered_serapi\4b\4b_01098.jpg : No hair detected
SKIPPED   : data\yolo_filtered_serapi\4b\4b_01106.jpg : No hair detected
SKIPPED   : data\yolo_filtered_serapi\4b\4b_01175.jpg : No hair detected
SKIPPED   : data\yolo_filtered_serapi\4b\4b_01410.jpg : OpenCV failed to read the image, file might be corrupted
ERROR     : data\yolo_filtered_serapi\4b\4b_01410.jpg
OpenCV(4.11.0) D:\a\opencv-python\opencv-python\opencv\modules\imgproc\src\color.cpp:199: error: (-215:Assertion failed) !_src.empty() in function 'cv::cvtColor'
Traceback (most recent call last):
  File "C:\Users\yashw\Documents\GU\S3_6600\Project\dsan6600_group04_project\code\image_processing\hair_segmenter.py", line 154, in segment_images
    image_rgb = cv2.cvtColor(image_bgr, cv2.COLOR_BGR2RGB) # convert BGR to RGB
                ^^^^^^^^^^^^^^^^^^^^^^^^^^^^^^^^^^^^^^^^^^
cv2.error: OpenCV(4.11.0) D:\a\opencv-python\opencv-python\opencv\modules\imgproc\src\color.cpp:199: error: (-215:Assertion failed) !_src.empty() in function 'cv::cvtColor'

SKIPPED   : data\yolo_filtered_serapi\4b\4b_01417.jpg : No hair detected
SKIPPED   : data\yolo_filtered_serapi\4b\4b_01438.jpg : No hair detected
SKIPPED   : data\yolo_filtered_serapi\4b\4b_01441.jpg : No hair detected
SKIPPED   : data\yolo_filtered_serapi\4b\4b_01471.jpg : No hair detected
SKIPPED   : data\yolo_filtered_serapi\4b\4b_01483.jpg : No hair detected
SKIPPED   : data\yolo_filtered_serapi\4b\4b_01535.jpg : No hair detected
SKIPPED   : data\yolo_filtered_serapi\4b\4b_01590.jpg : No hair detected
SKIPPED   : data\yolo_filtered_serapi\4b\4b_01680.jpg : OpenCV failed to read the image, file might be corrupted
ERROR     : data\yolo_filtered_serapi\4b\4b_01680.jpg
OpenCV(4.11.0) D:\a\opencv-python\opencv-python\opencv\modules\imgproc\src\color.cpp:199: error: (-215:Assertion failed) !_src.empty() in function 'cv::cvtColor'
Traceback (most recent call last):
  File "C:\Users\yashw\Documents\GU\S3_6600\Project\dsan6600_group04_project\code\image_processing\hair_segmenter.py", line 154, in segment_images
    image_rgb = cv2.cvtColor(image_bgr, cv2.COLOR_BGR2RGB) # convert BGR to RGB
                ^^^^^^^^^^^^^^^^^^^^^^^^^^^^^^^^^^^^^^^^^^
cv2.error: OpenCV(4.11.0) D:\a\opencv-python\opencv-python\opencv\modules\imgproc\src\color.cpp:199: error: (-215:Assertion failed) !_src.empty() in function 'cv::cvtColor'

SKIPPED   : data\yolo_filtered_serapi\4b\4b_01696.jpg : No hair detected
SKIPPED   : data\yolo_filtered_serapi\4b\4b_01722.jpg : OpenCV failed to read the image, file might be corrupted
ERROR     : data\yolo_filtered_serapi\4b\4b_01722.jpg
OpenCV(4.11.0) D:\a\opencv-python\opencv-python\opencv\modules\imgproc\src\color.cpp:199: error: (-215:Assertion failed) !_src.empty() in function 'cv::cvtColor'
Traceback (most recent call last):
  File "C:\Users\yashw\Documents\GU\S3_6600\Project\dsan6600_group04_project\code\image_processing\hair_segmenter.py", line 154, in segment_images
    image_rgb = cv2.cvtColor(image_bgr, cv2.COLOR_BGR2RGB) # convert BGR to RGB
                ^^^^^^^^^^^^^^^^^^^^^^^^^^^^^^^^^^^^^^^^^^
cv2.error: OpenCV(4.11.0) D:\a\opencv-python\opencv-python\opencv\modules\imgproc\src\color.cpp:199: error: (-215:Assertion failed) !_src.empty() in function 'cv::cvtColor'

SKIPPED   : data\yolo_filtered_serapi\4b\4b_01756.jpg : No hair detected
SKIPPED   : data\yolo_filtered_serapi\4b\4b_01759.jpg : No hair detected
SKIPPED   : data\yolo_filtered_serapi\4b\4b_01782.jpg : No hair detected
SKIPPED   : data\yolo_filtered_serapi\4b\4b_01793.jpg : No hair detected
SKIPPED   : data\yolo_filtered_serapi\4b\4b_01807.jpg : No hair detected
SKIPPED   : data\yolo_filtered_serapi\4b\4b_01845.jpg : No hair detected
SKIPPED   : data\yolo_filtered_serapi\4b\4b_01883.jpg : No hair detected
SKIPPED   : data\yolo_filtered_serapi\4b\4b_01978.jpg : No hair detected
