SKIPPED   : data\yolo_filtered_serapi\4a\4a_00012.jpg : No hair detected
SKIPPED   : data\yolo_filtered_serapi\4a\4a_00043.jpg : No hair detected
SKIPPED   : data\yolo_filtered_serapi\4a\4a_00053.jpg : No hair detected
SKIPPED   : data\yolo_filtered_serapi\4a\4a_00057.jpg : No hair detected
SKIPPED   : data\yolo_filtered_serapi\4a\4a_00085.jpg : No hair detected
SKIPPED   : data\yolo_filtered_serapi\4a\4a_00089.jpg : No hair detected
SKIPPED   : data\yolo_filtered_serapi\4a\4a_00090.jpg : OpenCV failed to read the image, file might be corrupted
ERROR     : data\yolo_filtered_serapi\4a\4a_00090.jpg
OpenCV(4.11.0) D:\a\opencv-python\opencv-python\opencv\modules\imgproc\src\color.cpp:199: error: (-215:Assertion failed) !_src.empty() in function 'cv::cvtColor'
Traceback (most recent call last):
  File "C:\Users\yashw\Documents\GU\S3_6600\Project\dsan6600_group04_project\code\image_processing\hair_segmenter.py", line 151, in segment_images
    image_rgb = cv2.cvtColor(image_bgr, cv2.COLOR_BGR2RGB) # convert BGR to RGB
                ^^^^^^^^^^^^^^^^^^^^^^^^^^^^^^^^^^^^^^^^^^
cv2.error: OpenCV(4.11.0) D:\a\opencv-python\opencv-python\opencv\modules\imgproc\src\color.cpp:199: error: (-215:Assertion failed) !_src.empty() in function 'cv::cvtColor'

SKIPPED   : data\yolo_filtered_serapi\4a\4a_00102.jpg : No hair detected
SKIPPED   : data\yolo_filtered_serapi\4a\4a_00111.jpg : No hair detected
SKIPPED   : data\yolo_filtered_serapi\4a\4a_00127.jpg : No hair detected
SKIPPED   : data\yolo_filtered_serapi\4a\4a_00143.jpg : No hair detected
SKIPPED   : data\yolo_filtered_serapi\4a\4a_00152.jpg : No hair detected
SKIPPED   : data\yolo_filtered_serapi\4a\4a_00153.jpg : No hair detected
SKIPPED   : data\yolo_filtered_serapi\4a\4a_00157.jpg : No hair detected
SKIPPED   : data\yolo_filtered_serapi\4a\4a_00179.jpg : No hair detected
SKIPPED   : data\yolo_filtered_serapi\4a\4a_00184.jpg : No hair detected
SKIPPED   : data\yolo_filtered_serapi\4a\4a_00185.jpg : No hair detected
SKIPPED   : data\yolo_filtered_serapi\4a\4a_00187.jpg : No hair detected
SKIPPED   : data\yolo_filtered_serapi\4a\4a_00197.jpg : No hair detected
SKIPPED   : data\yolo_filtered_serapi\4a\4a_00205.jpg : No hair detected
SKIPPED   : data\yolo_filtered_serapi\4a\4a_00216.jpg : No hair detected
SKIPPED   : data\yolo_filtered_serapi\4a\4a_00220.jpg : No hair detected
SKIPPED   : data\yolo_filtered_serapi\4a\4a_00223.jpg : OpenCV failed to read the image, file might be corrupted
ERROR     : data\yolo_filtered_serapi\4a\4a_00223.jpg
OpenCV(4.11.0) D:\a\opencv-python\opencv-python\opencv\modules\imgproc\src\color.cpp:199: error: (-215:Assertion failed) !_src.empty() in function 'cv::cvtColor'
Traceback (most recent call last):
  File "C:\Users\yashw\Documents\GU\S3_6600\Project\dsan6600_group04_project\code\image_processing\hair_segmenter.py", line 151, in segment_images
    image_rgb = cv2.cvtColor(image_bgr, cv2.COLOR_BGR2RGB) # convert BGR to RGB
                ^^^^^^^^^^^^^^^^^^^^^^^^^^^^^^^^^^^^^^^^^^
cv2.error: OpenCV(4.11.0) D:\a\opencv-python\opencv-python\opencv\modules\imgproc\src\color.cpp:199: error: (-215:Assertion failed) !_src.empty() in function 'cv::cvtColor'

SKIPPED   : data\yolo_filtered_serapi\4a\4a_00231.jpg : No hair detected
SKIPPED   : data\yolo_filtered_serapi\4a\4a_00254.jpg : No hair detected
SKIPPED   : data\yolo_filtered_serapi\4a\4a_00255.jpg : No hair detected
SKIPPED   : data\yolo_filtered_serapi\4a\4a_00263.jpg : No hair detected
SKIPPED   : data\yolo_filtered_serapi\4a\4a_00445.jpg : No hair detected
SKIPPED   : data\yolo_filtered_serapi\4a\4a_00452.jpg : No hair detected
SKIPPED   : data\yolo_filtered_serapi\4a\4a_00455.jpg : No hair detected
SKIPPED   : data\yolo_filtered_serapi\4a\4a_00457.jpg : No hair detected
SKIPPED   : data\yolo_filtered_serapi\4a\4a_00462.jpg : No hair detected
SKIPPED   : data\yolo_filtered_serapi\4a\4a_00500.jpg : No hair detected
SKIPPED   : data\yolo_filtered_serapi\4a\4a_00505.jpg : No hair detected
SKIPPED   : data\yolo_filtered_serapi\4a\4a_00531.jpg : No hair detected
SKIPPED   : data\yolo_filtered_serapi\4a\4a_00535.jpg : No hair detected
SKIPPED   : data\yolo_filtered_serapi\4a\4a_00547.jpg : OpenCV failed to read the image, file might be corrupted
ERROR     : data\yolo_filtered_serapi\4a\4a_00547.jpg
OpenCV(4.11.0) D:\a\opencv-python\opencv-python\opencv\modules\imgproc\src\color.cpp:199: error: (-215:Assertion failed) !_src.empty() in function 'cv::cvtColor'
Traceback (most recent call last):
  File "C:\Users\yashw\Documents\GU\S3_6600\Project\dsan6600_group04_project\code\image_processing\hair_segmenter.py", line 151, in segment_images
    image_rgb = cv2.cvtColor(image_bgr, cv2.COLOR_BGR2RGB) # convert BGR to RGB
                ^^^^^^^^^^^^^^^^^^^^^^^^^^^^^^^^^^^^^^^^^^
cv2.error: OpenCV(4.11.0) D:\a\opencv-python\opencv-python\opencv\modules\imgproc\src\color.cpp:199: error: (-215:Assertion failed) !_src.empty() in function 'cv::cvtColor'

SKIPPED   : data\yolo_filtered_serapi\4a\4a_00553.jpg : No hair detected
SKIPPED   : data\yolo_filtered_serapi\4a\4a_00606.jpg : No hair detected
SKIPPED   : data\yolo_filtered_serapi\4a\4a_00618.jpg : OpenCV failed to read the image, file might be corrupted
ERROR     : data\yolo_filtered_serapi\4a\4a_00618.jpg
OpenCV(4.11.0) D:\a\opencv-python\opencv-python\opencv\modules\imgproc\src\color.cpp:199: error: (-215:Assertion failed) !_src.empty() in function 'cv::cvtColor'
Traceback (most recent call last):
  File "C:\Users\yashw\Documents\GU\S3_6600\Project\dsan6600_group04_project\code\image_processing\hair_segmenter.py", line 151, in segment_images
    image_rgb = cv2.cvtColor(image_bgr, cv2.COLOR_BGR2RGB) # convert BGR to RGB
                ^^^^^^^^^^^^^^^^^^^^^^^^^^^^^^^^^^^^^^^^^^
cv2.error: OpenCV(4.11.0) D:\a\opencv-python\opencv-python\opencv\modules\imgproc\src\color.cpp:199: error: (-215:Assertion failed) !_src.empty() in function 'cv::cvtColor'

SKIPPED   : data\yolo_filtered_serapi\4a\4a_00646.jpg : No hair detected
SKIPPED   : data\yolo_filtered_serapi\4a\4a_00648.jpg : No hair detected
SKIPPED   : data\yolo_filtered_serapi\4a\4a_00658.jpg : No hair detected
SKIPPED   : data\yolo_filtered_serapi\4a\4a_00659.jpg : No hair detected
SKIPPED   : data\yolo_filtered_serapi\4a\4a_00662.jpg : No hair detected
SKIPPED   : data\yolo_filtered_serapi\4a\4a_00677.jpg : No hair detected
SKIPPED   : data\yolo_filtered_serapi\4a\4a_00678.jpg : No hair detected
SKIPPED   : data\yolo_filtered_serapi\4a\4a_00679.jpg : No hair detected
SKIPPED   : data\yolo_filtered_serapi\4a\4a_00681.jpg : OpenCV failed to read the image, file might be corrupted
ERROR     : data\yolo_filtered_serapi\4a\4a_00681.jpg
OpenCV(4.11.0) D:\a\opencv-python\opencv-python\opencv\modules\imgproc\src\color.cpp:199: error: (-215:Assertion failed) !_src.empty() in function 'cv::cvtColor'
Traceback (most recent call last):
  File "C:\Users\yashw\Documents\GU\S3_6600\Project\dsan6600_group04_project\code\image_processing\hair_segmenter.py", line 151, in segment_images
    image_rgb = cv2.cvtColor(image_bgr, cv2.COLOR_BGR2RGB) # convert BGR to RGB
                ^^^^^^^^^^^^^^^^^^^^^^^^^^^^^^^^^^^^^^^^^^
cv2.error: OpenCV(4.11.0) D:\a\opencv-python\opencv-python\opencv\modules\imgproc\src\color.cpp:199: error: (-215:Assertion failed) !_src.empty() in function 'cv::cvtColor'

SKIPPED   : data\yolo_filtered_serapi\4a\4a_00693.jpg : No hair detected
SKIPPED   : data\yolo_filtered_serapi\4a\4a_00694.jpg : No hair detected
SKIPPED   : data\yolo_filtered_serapi\4a\4a_00704.jpg : No hair detected
SKIPPED   : data\yolo_filtered_serapi\4a\4a_00705.jpg : No hair detected
SKIPPED   : data\yolo_filtered_serapi\4a\4a_00706.jpg : OpenCV failed to read the image, file might be corrupted
ERROR     : data\yolo_filtered_serapi\4a\4a_00706.jpg
OpenCV(4.11.0) D:\a\opencv-python\opencv-python\opencv\modules\imgproc\src\color.cpp:199: error: (-215:Assertion failed) !_src.empty() in function 'cv::cvtColor'
Traceback (most recent call last):
  File "C:\Users\yashw\Documents\GU\S3_6600\Project\dsan6600_group04_project\code\image_processing\hair_segmenter.py", line 151, in segment_images
    image_rgb = cv2.cvtColor(image_bgr, cv2.COLOR_BGR2RGB) # convert BGR to RGB
                ^^^^^^^^^^^^^^^^^^^^^^^^^^^^^^^^^^^^^^^^^^
cv2.error: OpenCV(4.11.0) D:\a\opencv-python\opencv-python\opencv\modules\imgproc\src\color.cpp:199: error: (-215:Assertion failed) !_src.empty() in function 'cv::cvtColor'

SKIPPED   : data\yolo_filtered_serapi\4a\4a_00708.jpg : No hair detected
SKIPPED   : data\yolo_filtered_serapi\4a\4a_00712.jpg : No hair detected
SKIPPED   : data\yolo_filtered_serapi\4a\4a_00733.jpg : No hair detected
SKIPPED   : data\yolo_filtered_serapi\4a\4a_00734.jpg : No hair detected
SKIPPED   : data\yolo_filtered_serapi\4a\4a_00742.jpg : No hair detected
SKIPPED   : data\yolo_filtered_serapi\4a\4a_00744.jpg : No hair detected
SKIPPED   : data\yolo_filtered_serapi\4a\4a_00751.jpg : No hair detected
SKIPPED   : data\yolo_filtered_serapi\4a\4a_00752.jpg : No hair detected
SKIPPED   : data\yolo_filtered_serapi\4a\4a_00759.jpg : No hair detected
SKIPPED   : data\yolo_filtered_serapi\4a\4a_00776.jpg : No hair detected
SKIPPED   : data\yolo_filtered_serapi\4a\4a_00781.jpg : No hair detected
SKIPPED   : data\yolo_filtered_serapi\4a\4a_00794.jpg : No hair detected
SKIPPED   : data\yolo_filtered_serapi\4a\4a_00797.jpg : No hair detected
SKIPPED   : data\yolo_filtered_serapi\4a\4a_00802.jpg : No hair detected
SKIPPED   : data\yolo_filtered_serapi\4a\4a_00804.jpg : No hair detected
SKIPPED   : data\yolo_filtered_serapi\4a\4a_00810.jpg : No hair detected
SKIPPED   : data\yolo_filtered_serapi\4a\4a_00812.jpg : No hair detected
SKIPPED   : data\yolo_filtered_serapi\4a\4a_00818.jpg : No hair detected
SKIPPED   : data\yolo_filtered_serapi\4a\4a_00833.jpg : OpenCV failed to read the image, file might be corrupted
ERROR     : data\yolo_filtered_serapi\4a\4a_00833.jpg
OpenCV(4.11.0) D:\a\opencv-python\opencv-python\opencv\modules\imgproc\src\color.cpp:199: error: (-215:Assertion failed) !_src.empty() in function 'cv::cvtColor'
Traceback (most recent call last):
  File "C:\Users\yashw\Documents\GU\S3_6600\Project\dsan6600_group04_project\code\image_processing\hair_segmenter.py", line 151, in segment_images
    image_rgb = cv2.cvtColor(image_bgr, cv2.COLOR_BGR2RGB) # convert BGR to RGB
                ^^^^^^^^^^^^^^^^^^^^^^^^^^^^^^^^^^^^^^^^^^
cv2.error: OpenCV(4.11.0) D:\a\opencv-python\opencv-python\opencv\modules\imgproc\src\color.cpp:199: error: (-215:Assertion failed) !_src.empty() in function 'cv::cvtColor'

SKIPPED   : data\yolo_filtered_serapi\4a\4a_00842.jpg : No hair detected
SKIPPED   : data\yolo_filtered_serapi\4a\4a_00845.jpg : No hair detected
SKIPPED   : data\yolo_filtered_serapi\4a\4a_00861.jpg : No hair detected
SKIPPED   : data\yolo_filtered_serapi\4a\4a_00863.jpg : No hair detected
SKIPPED   : data\yolo_filtered_serapi\4a\4a_00890.jpg : No hair detected
SKIPPED   : data\yolo_filtered_serapi\4a\4a_00894.jpg : No hair detected
SKIPPED   : data\yolo_filtered_serapi\4a\4a_00896.jpg : No hair detected
SKIPPED   : data\yolo_filtered_serapi\4a\4a_00941.jpg : No hair detected
SKIPPED   : data\yolo_filtered_serapi\4a\4a_00949.jpg : No hair detected
SKIPPED   : data\yolo_filtered_serapi\4a\4a_00957.jpg : No hair detected
SKIPPED   : data\yolo_filtered_serapi\4a\4a_00975.jpg : No hair detected
SKIPPED   : data\yolo_filtered_serapi\4a\4a_01000.jpg : OpenCV failed to read the image, file might be corrupted
ERROR     : data\yolo_filtered_serapi\4a\4a_01000.jpg
OpenCV(4.11.0) D:\a\opencv-python\opencv-python\opencv\modules\imgproc\src\color.cpp:199: error: (-215:Assertion failed) !_src.empty() in function 'cv::cvtColor'
Traceback (most recent call last):
  File "C:\Users\yashw\Documents\GU\S3_6600\Project\dsan6600_group04_project\code\image_processing\hair_segmenter.py", line 151, in segment_images
    image_rgb = cv2.cvtColor(image_bgr, cv2.COLOR_BGR2RGB) # convert BGR to RGB
                ^^^^^^^^^^^^^^^^^^^^^^^^^^^^^^^^^^^^^^^^^^
cv2.error: OpenCV(4.11.0) D:\a\opencv-python\opencv-python\opencv\modules\imgproc\src\color.cpp:199: error: (-215:Assertion failed) !_src.empty() in function 'cv::cvtColor'

SKIPPED   : data\yolo_filtered_serapi\4a\4a_01006.jpg : No hair detected
SKIPPED   : data\yolo_filtered_serapi\4a\4a_01016.jpg : No hair detected
SKIPPED   : data\yolo_filtered_serapi\4a\4a_01028.jpg : No hair detected
SKIPPED   : data\yolo_filtered_serapi\4a\4a_01034.jpg : No hair detected
SKIPPED   : data\yolo_filtered_serapi\4a\4a_01039.jpg : No hair detected
SKIPPED   : data\yolo_filtered_serapi\4a\4a_01042.jpg : No hair detected
SKIPPED   : data\yolo_filtered_serapi\4a\4a_01077.jpg : No hair detected
SKIPPED   : data\yolo_filtered_serapi\4a\4a_01087.jpg : No hair detected
SKIPPED   : data\yolo_filtered_serapi\4a\4a_01101.jpg : No hair detected
SKIPPED   : data\yolo_filtered_serapi\4a\4a_01104.jpg : No hair detected
SKIPPED   : data\yolo_filtered_serapi\4a\4a_01177.jpg : No hair detected
SKIPPED   : data\yolo_filtered_serapi\4a\4a_01191.jpg : No hair detected
SKIPPED   : data\yolo_filtered_serapi\4a\4a_01203.jpg : No hair detected
SKIPPED   : data\yolo_filtered_serapi\4a\4a_01206.jpg : No hair detected
SKIPPED   : data\yolo_filtered_serapi\4a\4a_01221.jpg : No hair detected
SKIPPED   : data\yolo_filtered_serapi\4a\4a_01232.jpg : No hair detected
SKIPPED   : data\yolo_filtered_serapi\4a\4a_01234.jpg : No hair detected
SKIPPED   : data\yolo_filtered_serapi\4a\4a_01242.jpg : No hair detected
SKIPPED   : data\yolo_filtered_serapi\4a\4a_01246.jpg : OpenCV failed to read the image, file might be corrupted
ERROR     : data\yolo_filtered_serapi\4a\4a_01246.jpg
OpenCV(4.11.0) D:\a\opencv-python\opencv-python\opencv\modules\imgproc\src\color.cpp:199: error: (-215:Assertion failed) !_src.empty() in function 'cv::cvtColor'
Traceback (most recent call last):
  File "C:\Users\yashw\Documents\GU\S3_6600\Project\dsan6600_group04_project\code\image_processing\hair_segmenter.py", line 151, in segment_images
    image_rgb = cv2.cvtColor(image_bgr, cv2.COLOR_BGR2RGB) # convert BGR to RGB
                ^^^^^^^^^^^^^^^^^^^^^^^^^^^^^^^^^^^^^^^^^^
cv2.error: OpenCV(4.11.0) D:\a\opencv-python\opencv-python\opencv\modules\imgproc\src\color.cpp:199: error: (-215:Assertion failed) !_src.empty() in function 'cv::cvtColor'

SKIPPED   : data\yolo_filtered_serapi\4a\4a_01249.jpg : No hair detected
SKIPPED   : data\yolo_filtered_serapi\4a\4a_01254.jpg : No hair detected
SKIPPED   : data\yolo_filtered_serapi\4a\4a_01256.jpg : No hair detected
SKIPPED   : data\yolo_filtered_serapi\4a\4a_01260.jpg : No hair detected
SKIPPED   : data\yolo_filtered_serapi\4a\4a_01274.jpg : No hair detected
SKIPPED   : data\yolo_filtered_serapi\4a\4a_01289.jpg : No hair detected
SKIPPED   : data\yolo_filtered_serapi\4a\4a_01291.jpg : No hair detected
SKIPPED   : data\yolo_filtered_serapi\4a\4a_01306.jpg : No hair detected
SKIPPED   : data\yolo_filtered_serapi\4a\4a_01409.jpg : No hair detected
SKIPPED   : data\yolo_filtered_serapi\4a\4a_01420.jpg : No hair detected
SKIPPED   : data\yolo_filtered_serapi\4a\4a_01442.jpg : No hair detected
SKIPPED   : data\yolo_filtered_serapi\4a\4a_01454.jpg : No hair detected
SKIPPED   : data\yolo_filtered_serapi\4a\4a_01456.jpg : No hair detected
SKIPPED   : data\yolo_filtered_serapi\4a\4a_01480.jpg : No hair detected
SKIPPED   : data\yolo_filtered_serapi\4a\4a_01496.jpg : No hair detected
SKIPPED   : data\yolo_filtered_serapi\4a\4a_01499.jpg : No hair detected
SKIPPED   : data\yolo_filtered_serapi\4a\4a_01505.jpg : No hair detected
SKIPPED   : data\yolo_filtered_serapi\4a\4a_01555.jpg : No hair detected
SKIPPED   : data\yolo_filtered_serapi\4a\4a_01603.jpg : No hair detected
SKIPPED   : data\yolo_filtered_serapi\4a\4a_01616.jpg : OpenCV failed to read the image, file might be corrupted
ERROR     : data\yolo_filtered_serapi\4a\4a_01616.jpg
OpenCV(4.11.0) D:\a\opencv-python\opencv-python\opencv\modules\imgproc\src\color.cpp:199: error: (-215:Assertion failed) !_src.empty() in function 'cv::cvtColor'
Traceback (most recent call last):
  File "C:\Users\yashw\Documents\GU\S3_6600\Project\dsan6600_group04_project\code\image_processing\hair_segmenter.py", line 151, in segment_images
    image_rgb = cv2.cvtColor(image_bgr, cv2.COLOR_BGR2RGB) # convert BGR to RGB
                ^^^^^^^^^^^^^^^^^^^^^^^^^^^^^^^^^^^^^^^^^^
cv2.error: OpenCV(4.11.0) D:\a\opencv-python\opencv-python\opencv\modules\imgproc\src\color.cpp:199: error: (-215:Assertion failed) !_src.empty() in function 'cv::cvtColor'

SKIPPED   : data\yolo_filtered_serapi\4a\4a_01656.jpg : No hair detected
SKIPPED   : data\yolo_filtered_serapi\4a\4a_01677.jpg : No hair detected
SKIPPED   : data\yolo_filtered_serapi\4a\4a_01696.jpg : No hair detected
SKIPPED   : data\yolo_filtered_serapi\4a\4a_01702.jpg : No hair detected
SKIPPED   : data\yolo_filtered_serapi\4a\4a_01712.jpg : No hair detected
SKIPPED   : data\yolo_filtered_serapi\4a\4a_01718.jpg : No hair detected
SKIPPED   : data\yolo_filtered_serapi\4a\4a_01735.jpg : No hair detected
SKIPPED   : data\yolo_filtered_serapi\4a\4a_01763.jpg : No hair detected
SKIPPED   : data\yolo_filtered_serapi\4a\4a_01775.jpg : No hair detected
SKIPPED   : data\yolo_filtered_serapi\4a\4a_01777.jpg : No hair detected
SKIPPED   : data\yolo_filtered_serapi\4a\4a_01778.jpg : No hair detected
SKIPPED   : data\yolo_filtered_serapi\4a\4a_01785.jpg : No hair detected
SKIPPED   : data\yolo_filtered_serapi\4a\4a_01786.jpg : No hair detected
SKIPPED   : data\yolo_filtered_serapi\4a\4a_01794.jpg : No hair detected
SKIPPED   : data\yolo_filtered_serapi\4a\4a_01803.jpg : No hair detected
SKIPPED   : data\yolo_filtered_serapi\4a\4a_01820.jpg : OpenCV failed to read the image, file might be corrupted
ERROR     : data\yolo_filtered_serapi\4a\4a_01820.jpg
OpenCV(4.11.0) D:\a\opencv-python\opencv-python\opencv\modules\imgproc\src\color.cpp:199: error: (-215:Assertion failed) !_src.empty() in function 'cv::cvtColor'
Traceback (most recent call last):
  File "C:\Users\yashw\Documents\GU\S3_6600\Project\dsan6600_group04_project\code\image_processing\hair_segmenter.py", line 151, in segment_images
    image_rgb = cv2.cvtColor(image_bgr, cv2.COLOR_BGR2RGB) # convert BGR to RGB
                ^^^^^^^^^^^^^^^^^^^^^^^^^^^^^^^^^^^^^^^^^^
cv2.error: OpenCV(4.11.0) D:\a\opencv-python\opencv-python\opencv\modules\imgproc\src\color.cpp:199: error: (-215:Assertion failed) !_src.empty() in function 'cv::cvtColor'

SKIPPED   : data\yolo_filtered_serapi\4a\4a_01822.jpg : OpenCV failed to read the image, file might be corrupted
ERROR     : data\yolo_filtered_serapi\4a\4a_01822.jpg
OpenCV(4.11.0) D:\a\opencv-python\opencv-python\opencv\modules\imgproc\src\color.cpp:199: error: (-215:Assertion failed) !_src.empty() in function 'cv::cvtColor'
Traceback (most recent call last):
  File "C:\Users\yashw\Documents\GU\S3_6600\Project\dsan6600_group04_project\code\image_processing\hair_segmenter.py", line 151, in segment_images
    image_rgb = cv2.cvtColor(image_bgr, cv2.COLOR_BGR2RGB) # convert BGR to RGB
                ^^^^^^^^^^^^^^^^^^^^^^^^^^^^^^^^^^^^^^^^^^
cv2.error: OpenCV(4.11.0) D:\a\opencv-python\opencv-python\opencv\modules\imgproc\src\color.cpp:199: error: (-215:Assertion failed) !_src.empty() in function 'cv::cvtColor'

SKIPPED   : data\yolo_filtered_serapi\4a\4a_01860.jpg : No hair detected
